// Jest Snapshot v1, https://goo.gl/fbAQLP

exports[`DressListrenders correctly 1`] = `
<main
  className="dress-list-page"
>
  <div
    className="search-bar"
  >
    <div>
      <div
        className={undefined}
        style={
          Object {
            "WebkitTapHighlightColor": "rgba(0,0,0,0)",
            "backgroundColor": "#ffffff",
            "borderRadius": 2,
            "boxShadow": "0 1px 6px rgba(0, 0, 0, 0.12),
         0 1px 4px rgba(0, 0, 0, 0.12)",
            "boxSizing": "border-box",
            "color": "rgba(0, 0, 0, 0.87)",
            "display": "inline-block",
            "fontFamily": "Roboto, sans-serif",
            "minWidth": 88,
            "muiPrepared": true,
            "transition": "all 450ms cubic-bezier(0.23, 1, 0.32, 1) 0ms",
          }
        }
      >
        <button
          default={true}
          disabled={false}
          href={undefined}
          onBlur={[Function]}
          onClick={[Function]}
          onFocus={[Function]}
          onKeyDown={[Function]}
          onKeyUp={[Function]}
          onMouseDown={[Function]}
          onMouseEnter={[Function]}
          onMouseLeave={[Function]}
          onMouseUp={[Function]}
          onTouchEnd={[Function]}
          onTouchStart={[Function]}
          onTouchTap={[Function]}
          style={
            Object {
              "WebkitTapHighlightColor": "rgba(0, 0, 0, 0)",
              "backgroundColor": "#ffffff",
              "border": 10,
              "borderRadius": 2,
              "boxSizing": "border-box",
              "cursor": "pointer",
              "display": "inline-block",
              "fontFamily": "Roboto, sans-serif",
              "fontSize": "inherit",
              "fontWeight": "inherit",
              "height": 36,
              "lineHeight": "36px",
              "margin": 0,
              "muiPrepared": true,
              "outline": "none",
              "padding": 0,
              "position": "relative",
              "textAlign": "center",
              "textDecoration": "none",
              "transition": "all 450ms cubic-bezier(0.23, 1, 0.32, 1) 0ms",
              "verticalAlign": null,
              "width": "100%",
              "zIndex": 1,
            }
          }
          tabIndex={0}
          type="button"
        >
          <div
            onMouseDown={[Function]}
            onMouseLeave={[Function]}
            onMouseUp={[Function]}
            onTouchEnd={[Function]}
            onTouchStart={[Function]}
          >
            <div
              style={
                Object {
                  "backgroundColor": false,
                  "borderRadius": 2,
                  "height": 36,
                  "muiPrepared": true,
                  "top": 0,
                  "transition": "all 450ms cubic-bezier(0.23, 1, 0.32, 1) 0ms",
                }
              }
            >
              <span
                style={
                  Object {
                    "color": "rgba(0, 0, 0, 0.87)",
                    "fontSize": 14,
                    "fontWeight": 500,
                    "letterSpacing": 0,
                    "margin": 0,
                    "muiPrepared": true,
                    "opacity": 1,
                    "paddingLeft": 16,
                    "paddingRight": 16,
                    "position": "relative",
                    "textTransform": "uppercase",
                    "userSelect": "none",
                  }
                }
              >
                long
              </span>
            </div>
          </div>
        </button>
      </div>
      <div
        className={undefined}
        style={
          Object {
            "WebkitTapHighlightColor": "rgba(0,0,0,0)",
            "backgroundColor": "#ffffff",
            "borderRadius": 2,
            "boxShadow": "0 1px 6px rgba(0, 0, 0, 0.12),
         0 1px 4px rgba(0, 0, 0, 0.12)",
            "boxSizing": "border-box",
            "color": "rgba(0, 0, 0, 0.87)",
            "display": "inline-block",
            "fontFamily": "Roboto, sans-serif",
            "minWidth": 88,
            "muiPrepared": true,
            "transition": "all 450ms cubic-bezier(0.23, 1, 0.32, 1) 0ms",
          }
        }
      >
        <button
          default={true}
          disabled={false}
          href={undefined}
          onBlur={[Function]}
          onClick={[Function]}
          onFocus={[Function]}
          onKeyDown={[Function]}
          onKeyUp={[Function]}
          onMouseDown={[Function]}
          onMouseEnter={[Function]}
          onMouseLeave={[Function]}
          onMouseUp={[Function]}
          onTouchEnd={[Function]}
          onTouchStart={[Function]}
          onTouchTap={[Function]}
          style={
            Object {
              "WebkitTapHighlightColor": "rgba(0, 0, 0, 0)",
              "backgroundColor": "#ffffff",
              "border": 10,
              "borderRadius": 2,
              "boxSizing": "border-box",
              "cursor": "pointer",
              "display": "inline-block",
              "fontFamily": "Roboto, sans-serif",
              "fontSize": "inherit",
              "fontWeight": "inherit",
              "height": 36,
              "lineHeight": "36px",
              "margin": 0,
              "muiPrepared": true,
              "outline": "none",
              "padding": 0,
              "position": "relative",
              "textAlign": "center",
              "textDecoration": "none",
              "transition": "all 450ms cubic-bezier(0.23, 1, 0.32, 1) 0ms",
              "verticalAlign": null,
              "width": "100%",
              "zIndex": 1,
            }
          }
          tabIndex={0}
          type="button"
        >
          <div
            onMouseDown={[Function]}
            onMouseLeave={[Function]}
            onMouseUp={[Function]}
            onTouchEnd={[Function]}
            onTouchStart={[Function]}
          >
            <div
              style={
                Object {
                  "backgroundColor": false,
                  "borderRadius": 2,
                  "height": 36,
                  "muiPrepared": true,
                  "top": 0,
                  "transition": "all 450ms cubic-bezier(0.23, 1, 0.32, 1) 0ms",
                }
              }
            >
              <span
                style={
                  Object {
                    "color": "rgba(0, 0, 0, 0.87)",
                    "fontSize": 14,
                    "fontWeight": 500,
                    "letterSpacing": 0,
                    "margin": 0,
                    "muiPrepared": true,
                    "opacity": 1,
                    "paddingLeft": 16,
                    "paddingRight": 16,
                    "position": "relative",
                    "textTransform": "uppercase",
                    "userSelect": "none",
                  }
                }
              >
                3 / 4
              </span>
            </div>
          </div>
        </button>
      </div>
      <div
        className={undefined}
        style={
          Object {
            "WebkitTapHighlightColor": "rgba(0,0,0,0)",
            "backgroundColor": "#ffffff",
            "borderRadius": 2,
            "boxShadow": "0 1px 6px rgba(0, 0, 0, 0.12),
         0 1px 4px rgba(0, 0, 0, 0.12)",
            "boxSizing": "border-box",
            "color": "rgba(0, 0, 0, 0.87)",
            "display": "inline-block",
            "fontFamily": "Roboto, sans-serif",
            "minWidth": 88,
            "muiPrepared": true,
            "transition": "all 450ms cubic-bezier(0.23, 1, 0.32, 1) 0ms",
          }
        }
      >
        <button
          default={true}
          disabled={false}
          href={undefined}
          onBlur={[Function]}
          onClick={[Function]}
          onFocus={[Function]}
          onKeyDown={[Function]}
          onKeyUp={[Function]}
          onMouseDown={[Function]}
          onMouseEnter={[Function]}
          onMouseLeave={[Function]}
          onMouseUp={[Function]}
          onTouchEnd={[Function]}
          onTouchStart={[Function]}
          onTouchTap={[Function]}
          style={
            Object {
              "WebkitTapHighlightColor": "rgba(0, 0, 0, 0)",
              "backgroundColor": "#ffffff",
              "border": 10,
              "borderRadius": 2,
              "boxSizing": "border-box",
              "cursor": "pointer",
              "display": "inline-block",
              "fontFamily": "Roboto, sans-serif",
              "fontSize": "inherit",
              "fontWeight": "inherit",
              "height": 36,
              "lineHeight": "36px",
              "margin": 0,
              "muiPrepared": true,
              "outline": "none",
              "padding": 0,
              "position": "relative",
              "textAlign": "center",
              "textDecoration": "none",
              "transition": "all 450ms cubic-bezier(0.23, 1, 0.32, 1) 0ms",
              "verticalAlign": null,
              "width": "100%",
              "zIndex": 1,
            }
          }
          tabIndex={0}
          type="button"
        >
          <div
            onMouseDown={[Function]}
            onMouseLeave={[Function]}
            onMouseUp={[Function]}
            onTouchEnd={[Function]}
            onTouchStart={[Function]}
          >
            <div
              style={
                Object {
                  "backgroundColor": false,
                  "borderRadius": 2,
                  "height": 36,
                  "muiPrepared": true,
                  "top": 0,
                  "transition": "all 450ms cubic-bezier(0.23, 1, 0.32, 1) 0ms",
                }
              }
            >
              <span
                style={
                  Object {
                    "color": "rgba(0, 0, 0, 0.87)",
                    "fontSize": 14,
                    "fontWeight": 500,
                    "letterSpacing": 0,
                    "margin": 0,
                    "muiPrepared": true,
                    "opacity": 1,
                    "paddingLeft": 16,
                    "paddingRight": 16,
                    "position": "relative",
                    "textTransform": "uppercase",
                    "userSelect": "none",
                  }
                }
              >
                above elbow
              </span>
            </div>
          </div>
        </button>
      </div>
      <div
        className={undefined}
        style={
          Object {
            "WebkitTapHighlightColor": "rgba(0,0,0,0)",
            "backgroundColor": "#ffffff",
            "borderRadius": 2,
            "boxShadow": "0 1px 6px rgba(0, 0, 0, 0.12),
         0 1px 4px rgba(0, 0, 0, 0.12)",
            "boxSizing": "border-box",
            "color": "rgba(0, 0, 0, 0.87)",
            "display": "inline-block",
            "fontFamily": "Roboto, sans-serif",
            "minWidth": 88,
            "muiPrepared": true,
            "transition": "all 450ms cubic-bezier(0.23, 1, 0.32, 1) 0ms",
          }
        }
      >
        <button
          default={true}
          disabled={false}
          href={undefined}
          onBlur={[Function]}
          onClick={[Function]}
          onFocus={[Function]}
          onKeyDown={[Function]}
          onKeyUp={[Function]}
          onMouseDown={[Function]}
          onMouseEnter={[Function]}
          onMouseLeave={[Function]}
          onMouseUp={[Function]}
          onTouchEnd={[Function]}
          onTouchStart={[Function]}
          onTouchTap={[Function]}
          style={
            Object {
              "WebkitTapHighlightColor": "rgba(0, 0, 0, 0)",
              "backgroundColor": "#ffffff",
              "border": 10,
              "borderRadius": 2,
              "boxSizing": "border-box",
              "cursor": "pointer",
              "display": "inline-block",
              "fontFamily": "Roboto, sans-serif",
              "fontSize": "inherit",
              "fontWeight": "inherit",
              "height": 36,
              "lineHeight": "36px",
              "margin": 0,
              "muiPrepared": true,
              "outline": "none",
              "padding": 0,
              "position": "relative",
              "textAlign": "center",
              "textDecoration": "none",
              "transition": "all 450ms cubic-bezier(0.23, 1, 0.32, 1) 0ms",
              "verticalAlign": null,
              "width": "100%",
              "zIndex": 1,
            }
          }
          tabIndex={0}
          type="button"
        >
          <div
            onMouseDown={[Function]}
            onMouseLeave={[Function]}
            onMouseUp={[Function]}
            onTouchEnd={[Function]}
            onTouchStart={[Function]}
          >
            <div
              style={
                Object {
                  "backgroundColor": false,
                  "borderRadius": 2,
                  "height": 36,
                  "muiPrepared": true,
                  "top": 0,
                  "transition": "all 450ms cubic-bezier(0.23, 1, 0.32, 1) 0ms",
                }
              }
            >
              <span
                style={
                  Object {
                    "color": "rgba(0, 0, 0, 0.87)",
                    "fontSize": 14,
                    "fontWeight": 500,
                    "letterSpacing": 0,
                    "margin": 0,
                    "muiPrepared": true,
                    "opacity": 1,
                    "paddingLeft": 16,
                    "paddingRight": 16,
                    "position": "relative",
                    "textTransform": "uppercase",
                    "userSelect": "none",
                  }
                }
              >
                short
              </span>
            </div>
          </div>
        </button>
      </div>
    </div>
    <div
      className={undefined}
      style={
        Object {
          "backgroundColor": "transparent",
          "cursor": "auto",
          "display": "inline-block",
          "fontFamily": "Roboto, sans-serif",
          "fontSize": 16,
          "height": 72,
          "lineHeight": "24px",
          "muiPrepared": true,
          "position": "relative",
          "transition": "height 200ms cubic-bezier(0.23, 1, 0.32, 1) 0ms",
          "width": 256,
        }
      }
    >
      <label
        className={undefined}
        htmlFor="undefined-undefined-Search-60507"
        onTouchTap={undefined}
        style={
          Object {
            "color": "rgba(0, 0, 0, 0.3)",
            "lineHeight": "22px",
            "muiPrepared": true,
            "pointerEvents": "none",
            "position": "absolute",
            "top": 38,
            "transform": "scale(1) translate(0, 0)",
            "transformOrigin": "left top",
            "transition": "all 450ms cubic-bezier(0.23, 1, 0.32, 1) 0ms",
            "userSelect": "none",
            "zIndex": 1,
          }
        }
      >
        Search
      </label>
      <input
        disabled={false}
        id="undefined-undefined-Search-60507"
        onBlur={[Function]}
        onChange={[Function]}
        onFocus={[Function]}
        style={
          Object {
            "WebkitOpacity": 1,
            "WebkitTapHighlightColor": "rgba(0,0,0,0)",
            "appearance": "textfield",
            "backgroundColor": "rgba(0,0,0,0)",
            "border": "none",
            "boxSizing": "border-box",
            "color": "rgba(0, 0, 0, 0.87)",
            "cursor": "inherit",
            "font": "inherit",
            "height": "100%",
            "marginTop": 14,
            "muiPrepared": true,
            "outline": "none",
            "padding": 0,
            "position": "relative",
            "width": "100%",
          }
        }
        type="text"
        value={undefined}
      />
      <div>
        <hr
          aria-hidden="true"
          style={
            Object {
              "borderBottomStyle": "solid",
              "borderBottomWidth": 1,
              "borderColor": "#e0e0e0",
              "borderLeft": "none",
              "borderRight": "none",
              "borderTop": "none",
              "bottom": 8,
              "boxSizing": "content-box",
              "margin": 0,
              "muiPrepared": true,
              "position": "absolute",
              "width": "100%",
            }
          }
        />
        <hr
          aria-hidden="true"
          style={
            Object {
              "borderBottomStyle": "solid",
              "borderBottomWidth": 2,
              "borderColor": "#00bcd4",
              "borderLeft": "none",
              "borderRight": "none",
              "borderTop": "none",
              "bottom": 8,
              "boxSizing": "content-box",
              "margin": 0,
              "muiPrepared": true,
              "position": "absolute",
              "transform": "scaleX(0)",
              "transition": "all 450ms cubic-bezier(0.23, 1, 0.32, 1) 0ms",
              "width": "100%",
            }
          }
        />
      </div>
    </div>
    <div
      className={undefined}
      style={
        Object {
          "backgroundColor": "transparent",
          "cursor": "auto",
          "display": "inline-block",
          "fontFamily": "Roboto, sans-serif",
          "fontSize": 16,
          "height": 72,
          "lineHeight": "24px",
          "muiPrepared": true,
          "position": "relative",
          "transition": "height 200ms cubic-bezier(0.23, 1, 0.32, 1) 0ms",
          "width": 256,
        }
      }
    >
      <label
        className={undefined}
        htmlFor="undefined-undefined-Waist-19285"
        onTouchTap={undefined}
        style={
          Object {
            "color": "rgba(0, 0, 0, 0.3)",
            "lineHeight": "22px",
            "muiPrepared": true,
            "pointerEvents": "none",
            "position": "absolute",
            "top": 38,
            "transform": "scale(1) translate(0, 0)",
            "transformOrigin": "left top",
            "transition": "all 450ms cubic-bezier(0.23, 1, 0.32, 1) 0ms",
            "userSelect": "none",
            "zIndex": 1,
          }
        }
      >
        Waist
      </label>
      <input
        disabled={false}
        id="undefined-undefined-Waist-19285"
        onBlur={[Function]}
        onChange={[Function]}
        onFocus={[Function]}
        style={
          Object {
            "WebkitOpacity": 1,
            "WebkitTapHighlightColor": "rgba(0,0,0,0)",
            "appearance": "textfield",
            "backgroundColor": "rgba(0,0,0,0)",
            "border": "none",
            "boxSizing": "border-box",
            "color": "rgba(0, 0, 0, 0.87)",
            "cursor": "inherit",
            "font": "inherit",
            "height": "100%",
            "marginTop": 14,
            "muiPrepared": true,
            "outline": "none",
            "padding": 0,
            "position": "relative",
            "width": "100%",
          }
        }
        type="text"
        value={undefined}
      />
      <div>
        <hr
          aria-hidden="true"
          style={
            Object {
              "borderBottomStyle": "solid",
              "borderBottomWidth": 1,
              "borderColor": "#e0e0e0",
              "borderLeft": "none",
              "borderRight": "none",
              "borderTop": "none",
              "bottom": 8,
              "boxSizing": "content-box",
              "margin": 0,
              "muiPrepared": true,
              "position": "absolute",
              "width": "100%",
            }
          }
        />
        <hr
          aria-hidden="true"
          style={
            Object {
              "borderBottomStyle": "solid",
              "borderBottomWidth": 2,
              "borderColor": "#00bcd4",
              "borderLeft": "none",
              "borderRight": "none",
              "borderTop": "none",
              "bottom": 8,
              "boxSizing": "content-box",
              "margin": 0,
              "muiPrepared": true,
              "position": "absolute",
              "transform": "scaleX(0)",
              "transition": "all 450ms cubic-bezier(0.23, 1, 0.32, 1) 0ms",
              "width": "100%",
            }
          }
        />
      </div>
    </div>
    <div
      className={undefined}
      style={
        Object {
          "backgroundColor": "transparent",
          "cursor": "auto",
          "display": "inline-block",
          "fontFamily": "Roboto, sans-serif",
          "fontSize": 16,
          "height": 72,
          "lineHeight": "24px",
          "muiPrepared": true,
          "position": "relative",
          "transition": "height 200ms cubic-bezier(0.23, 1, 0.32, 1) 0ms",
          "width": 256,
        }
      }
    >
      <label
        className={undefined}
        htmlFor="undefined-undefined-Height-51581"
        onTouchTap={undefined}
        style={
          Object {
            "color": "rgba(0, 0, 0, 0.3)",
            "lineHeight": "22px",
            "muiPrepared": true,
            "pointerEvents": "none",
            "position": "absolute",
            "top": 38,
            "transform": "scale(1) translate(0, 0)",
            "transformOrigin": "left top",
            "transition": "all 450ms cubic-bezier(0.23, 1, 0.32, 1) 0ms",
            "userSelect": "none",
            "zIndex": 1,
          }
        }
      >
        Height
      </label>
      <input
        disabled={false}
        id="undefined-undefined-Height-51581"
        onBlur={[Function]}
        onChange={[Function]}
        onFocus={[Function]}
        style={
          Object {
            "WebkitOpacity": 1,
            "WebkitTapHighlightColor": "rgba(0,0,0,0)",
            "appearance": "textfield",
            "backgroundColor": "rgba(0,0,0,0)",
            "border": "none",
            "boxSizing": "border-box",
            "color": "rgba(0, 0, 0, 0.87)",
            "cursor": "inherit",
            "font": "inherit",
            "height": "100%",
            "marginTop": 14,
            "muiPrepared": true,
            "outline": "none",
            "padding": 0,
            "position": "relative",
            "width": "100%",
          }
        }
        type="text"
        value={undefined}
      />
      <div>
        <hr
          aria-hidden="true"
          style={
            Object {
              "borderBottomStyle": "solid",
              "borderBottomWidth": 1,
              "borderColor": "#e0e0e0",
              "borderLeft": "none",
              "borderRight": "none",
              "borderTop": "none",
              "bottom": 8,
              "boxSizing": "content-box",
              "margin": 0,
              "muiPrepared": true,
              "position": "absolute",
              "width": "100%",
            }
          }
        />
        <hr
          aria-hidden="true"
          style={
            Object {
              "borderBottomStyle": "solid",
              "borderBottomWidth": 2,
              "borderColor": "#00bcd4",
              "borderLeft": "none",
              "borderRight": "none",
              "borderTop": "none",
              "bottom": 8,
              "boxSizing": "content-box",
              "margin": 0,
              "muiPrepared": true,
              "position": "absolute",
              "transform": "scaleX(0)",
              "transition": "all 450ms cubic-bezier(0.23, 1, 0.32, 1) 0ms",
              "width": "100%",
            }
          }
        />
      </div>
    </div>
    <div
      className={undefined}
      style={
        Object {
          "backgroundColor": "transparent",
          "cursor": "auto",
          "display": "inline-block",
          "fontFamily": "Roboto, sans-serif",
          "fontSize": 16,
          "height": 72,
          "lineHeight": "24px",
          "muiPrepared": true,
          "position": "relative",
          "transition": "height 200ms cubic-bezier(0.23, 1, 0.32, 1) 0ms",
          "width": 256,
        }
      }
    >
      <label
        className={undefined}
        htmlFor="undefined-undefined-Age-8680"
        onTouchTap={undefined}
        style={
          Object {
            "color": "rgba(0, 0, 0, 0.3)",
            "lineHeight": "22px",
            "muiPrepared": true,
            "pointerEvents": "none",
            "position": "absolute",
            "top": 38,
            "transform": "scale(1) translate(0, 0)",
            "transformOrigin": "left top",
            "transition": "all 450ms cubic-bezier(0.23, 1, 0.32, 1) 0ms",
            "userSelect": "none",
            "zIndex": 1,
          }
        }
      >
        Age
      </label>
      <input
        disabled={false}
        id="undefined-undefined-Age-8680"
        onBlur={[Function]}
        onChange={[Function]}
        onFocus={[Function]}
        style={
          Object {
            "WebkitOpacity": 1,
            "WebkitTapHighlightColor": "rgba(0,0,0,0)",
            "appearance": "textfield",
            "backgroundColor": "rgba(0,0,0,0)",
            "border": "none",
            "boxSizing": "border-box",
            "color": "rgba(0, 0, 0, 0.87)",
            "cursor": "inherit",
            "font": "inherit",
            "height": "100%",
            "marginTop": 14,
            "muiPrepared": true,
            "outline": "none",
            "padding": 0,
            "position": "relative",
            "width": "100%",
          }
        }
        type="text"
        value={undefined}
      />
      <div>
        <hr
          aria-hidden="true"
          style={
            Object {
              "borderBottomStyle": "solid",
              "borderBottomWidth": 1,
              "borderColor": "#e0e0e0",
              "borderLeft": "none",
              "borderRight": "none",
              "borderTop": "none",
              "bottom": 8,
              "boxSizing": "content-box",
              "margin": 0,
              "muiPrepared": true,
              "position": "absolute",
              "width": "100%",
            }
          }
        />
        <hr
          aria-hidden="true"
          style={
            Object {
              "borderBottomStyle": "solid",
              "borderBottomWidth": 2,
              "borderColor": "#00bcd4",
              "borderLeft": "none",
              "borderRight": "none",
              "borderTop": "none",
              "bottom": 8,
              "boxSizing": "content-box",
              "margin": 0,
              "muiPrepared": true,
              "position": "absolute",
              "transform": "scaleX(0)",
              "transition": "all 450ms cubic-bezier(0.23, 1, 0.32, 1) 0ms",
              "width": "100%",
            }
          }
        />
      </div>
    </div>
    <div
      className="DateRangePicker"
    >
      <div>
        <div
          className="DateRangePickerInput"
        >
          <div
            className="DateInput"
          >
            <input
              aria-describedby="DateInput__screen-reader-message-startDate"
              aria-label="Start Date"
              autoComplete="off"
              className="DateInput__input needsclick"
              disabled={false}
              id="startDate"
              name="startDate"
              onChange={[Function]}
              onFocus={[Function]}
              onKeyDown={[Function]}
              placeholder="Start Date"
              readOnly={false}
              required={false}
              type="text"
              value=""
            />
            <p
              className="screen-reader-only"
              id="DateInput__screen-reader-message-startDate"
            >
              Press the down arrow key to interact with the calendar and
  select a date. Press the question mark key to get the keyboard shortcuts for changing dates.
            </p>
            <div
              className="DateInput__display-text"
            >
              Start Date
            </div>
          </div>
          <div
            aria-hidden="true"
            className="DateRangePickerInput__arrow"
            role="presentation"
          >
            <svg
              viewBox="0 0 1000 1000"
            >
              <path
                d="M694.4 242.4l249.1 249.1c11 11 11 21 0 32L694.4 772.7c-5 5-10 7-16 7s-11-2-16-7c-11-11-11-21 0-32l210.1-210.1H67.1c-13 0-23-10-23-23s10-23 23-23h805.4L662.4 274.5c-21-21.1 11-53.1 32-32.1z"
              />
            </svg>
          </div>
          <div
            className="DateInput"
          >
            <input
              aria-describedby="DateInput__screen-reader-message-endDate"
              aria-label="End Date"
              autoComplete="off"
              className="DateInput__input needsclick"
              disabled={false}
              id="endDate"
              name="endDate"
              onChange={[Function]}
              onFocus={[Function]}
              onKeyDown={[Function]}
              placeholder="End Date"
              readOnly={false}
              required={false}
              type="text"
              value=""
            />
            <p
              className="screen-reader-only"
              id="DateInput__screen-reader-message-endDate"
            >
              Press the down arrow key to interact with the calendar and
  select a date. Press the question mark key to get the keyboard shortcuts for changing dates.
            </p>
            <div
              className="DateInput__display-text"
            >
              End Date
            </div>
          </div>
        </div>
      </div>
    </div>
  </div>
  <div
    style={
      Object {
        "display": "flex",
        "flexWrap": "wrap",
        "margin": -5,
        "muiPrepared": true,
      }
    }
  >
    <div
      style={
        Object {
          "boxSizing": "border-box",
          "height": 410,
          "muiPrepared": true,
          "padding": 5,
          "width": "33.333333333333336%",
        }
      }
    >
      <a
        href="/dresses/37"
        onClick={[Function]}
      >
        <div
          className="dress-list-tile"
          cols={1}
          rows={1}
          style={
            Object {
              "display": "block",
              "height": "100%",
              "muiPrepared": true,
              "overflow": "hidden",
              "position": "relative",
            }
          }
        >
          <img
            src="https://s3.amazonaws.com/tunza-dev/dresses/images/000/000/037/original/18358754_1186415891467981_890714927206913499_o.jpg?1505155167"
            style={
              Object {
                "height": "100%",
                "left": "50%",
                "muiPrepared": true,
                "position": "relative",
                "transform": "translateX(-50%)",
              }
            }
          />
          <div
            style={
              Object {
                "alignItems": "center",
                "background": "rgba(0, 0, 0, 0.4)",
                "bottom": 0,
                "display": "flex",
                "height": 68,
                "left": 0,
                "muiPrepared": true,
                "position": "absolute",
                "right": 0,
              }
            }
          >
            <div
              style={
                Object {
                  "color": "#ffffff",
                  "flexGrow": 1,
                  "marginLeft": 16,
                  "marginRight": 0,
                  "muiPrepared": true,
                  "overflow": "hidden",
                }
              }
            >
              <div
                style={
                  Object {
                    "fontSize": "16px",
                    "muiPrepared": true,
                    "overflow": "hidden",
                    "textOverflow": "ellipsis",
                    "whiteSpace": "nowrap",
                  }
                }
              >
                Fantastic Bronze Computer
              </div>
              <div
                style={
                  Object {
                    "fontSize": "12px",
                    "muiPrepared": true,
                    "overflow": "hidden",
                    "textOverflow": "ellipsis",
                    "whiteSpace": "nowrap",
                  }
                }
              >
                <span
                  className="subtitle"
                >
                  <b>
                    9466851613317
                  </b>
                  <b>
                    waist: 
                    48.8
                  </b>
                  <b>
                    height: 
                    46.2
                  </b>
                  <b>
                    age: 
                    12
                  </b>
                </span>
              </div>
            </div>
          </div>
        </div>
      </a>
    </div>
    <div
      style={
        Object {
          "boxSizing": "border-box",
          "height": 410,
          "muiPrepared": true,
          "padding": 5,
          "width": "33.333333333333336%",
        }
      }
    >
      <a
        href="/dresses/38"
        onClick={[Function]}
      >
        <div
          className="dress-list-tile"
          cols={1}
          rows={1}
          style={
            Object {
              "display": "block",
              "height": "100%",
              "muiPrepared": true,
              "overflow": "hidden",
              "position": "relative",
            }
          }
        >
          <img
            src="https://s3.amazonaws.com/tunza-dev/dresses/images/000/000/038/original/18359407_1187177241391846_2586655739208193281_o.jpg?1505155167"
            style={
              Object {
                "height": "100%",
                "left": "50%",
                "muiPrepared": true,
                "position": "relative",
                "transform": "translateX(-50%)",
              }
            }
          />
          <div
            style={
              Object {
                "alignItems": "center",
                "background": "rgba(0, 0, 0, 0.4)",
                "bottom": 0,
                "display": "flex",
                "height": 68,
                "left": 0,
                "muiPrepared": true,
                "position": "absolute",
                "right": 0,
              }
            }
          >
            <div
              style={
                Object {
                  "color": "#ffffff",
                  "flexGrow": 1,
                  "marginLeft": 16,
                  "marginRight": 0,
                  "muiPrepared": true,
                  "overflow": "hidden",
                }
              }
            >
              <div
                style={
                  Object {
                    "fontSize": "16px",
                    "muiPrepared": true,
                    "overflow": "hidden",
                    "textOverflow": "ellipsis",
                    "whiteSpace": "nowrap",
                  }
                }
              >
                Awesome Paper Clock
              </div>
              <div
                style={
                  Object {
                    "fontSize": "12px",
                    "muiPrepared": true,
                    "overflow": "hidden",
                    "textOverflow": "ellipsis",
                    "whiteSpace": "nowrap",
                  }
                }
              >
                <span
                  className="subtitle"
                >
                  <b>
                    6637426047148
                  </b>
                  <b>
                    waist: 
                    31.8
                  </b>
                  <b>
                    height: 
                    66.0
                  </b>
                  <b>
                    age: 
                    12
                  </b>
                </span>
              </div>
            </div>
          </div>
        </div>
      </a>
    </div>
    <div
      style={
        Object {
          "boxSizing": "border-box",
          "height": 410,
          "muiPrepared": true,
          "padding": 5,
          "width": "33.333333333333336%",
        }
      }
    >
      <a
        href="/dresses/39"
        onClick={[Function]}
      >
        <div
          className="dress-list-tile"
          cols={1}
          rows={1}
          style={
            Object {
              "display": "block",
              "height": "100%",
              "muiPrepared": true,
              "overflow": "hidden",
              "position": "relative",
            }
          }
        >
          <img
            src="https://s3.amazonaws.com/tunza-dev/dresses/images/000/000/039/original/18401857_1189505594492344_6956178783894706389_o.jpg?1505155167"
            style={
              Object {
                "height": "100%",
                "left": "50%",
                "muiPrepared": true,
                "position": "relative",
                "transform": "translateX(-50%)",
              }
            }
          />
          <div
            style={
              Object {
                "alignItems": "center",
                "background": "rgba(0, 0, 0, 0.4)",
                "bottom": 0,
                "display": "flex",
                "height": 68,
                "left": 0,
                "muiPrepared": true,
                "position": "absolute",
                "right": 0,
              }
            }
          >
            <div
              style={
                Object {
                  "color": "#ffffff",
                  "flexGrow": 1,
                  "marginLeft": 16,
                  "marginRight": 0,
                  "muiPrepared": true,
                  "overflow": "hidden",
                }
              }
            >
              <div
                style={
                  Object {
                    "fontSize": "16px",
                    "muiPrepared": true,
                    "overflow": "hidden",
                    "textOverflow": "ellipsis",
                    "whiteSpace": "nowrap",
                  }
                }
              >
                Rustic Granite Car
              </div>
              <div
                style={
                  Object {
                    "fontSize": "12px",
                    "muiPrepared": true,
                    "overflow": "hidden",
                    "textOverflow": "ellipsis",
                    "whiteSpace": "nowrap",
                  }
                }
              >
                <span
                  className="subtitle"
                >
                  <b>
                    3646403067690
                  </b>
                  <b>
                    waist: 
                    49.4
                  </b>
                  <b>
                    height: 
                    57.2
                  </b>
                  <b>
                    age: 
                    9
                  </b>
                </span>
              </div>
            </div>
          </div>
        </div>
      </a>
    </div>
    <div
      style={
        Object {
          "boxSizing": "border-box",
          "height": 410,
          "muiPrepared": true,
          "padding": 5,
          "width": "33.333333333333336%",
        }
      }
    >
      <a
        href="/dresses/40"
        onClick={[Function]}
      >
        <div
          className="dress-list-tile"
          cols={1}
          rows={1}
          style={
            Object {
              "display": "block",
              "height": "100%",
              "muiPrepared": true,
              "overflow": "hidden",
              "position": "relative",
            }
          }
        >
          <img
            src="https://s3.amazonaws.com/tunza-dev/dresses/images/000/000/040/original/18402215_1187197084723195_2275927402058387666_o.jpg?1505155167"
            style={
              Object {
                "height": "100%",
                "left": "50%",
                "muiPrepared": true,
                "position": "relative",
                "transform": "translateX(-50%)",
              }
            }
          />
          <div
            style={
              Object {
                "alignItems": "center",
                "background": "rgba(0, 0, 0, 0.4)",
                "bottom": 0,
                "display": "flex",
                "height": 68,
                "left": 0,
                "muiPrepared": true,
                "position": "absolute",
                "right": 0,
              }
            }
          >
            <div
              style={
                Object {
                  "color": "#ffffff",
                  "flexGrow": 1,
                  "marginLeft": 16,
                  "marginRight": 0,
                  "muiPrepared": true,
                  "overflow": "hidden",
                }
              }
            >
              <div
                style={
                  Object {
                    "fontSize": "16px",
                    "muiPrepared": true,
                    "overflow": "hidden",
                    "textOverflow": "ellipsis",
                    "whiteSpace": "nowrap",
                  }
                }
              >
                Heavy Duty Granite Bag
              </div>
              <div
                style={
                  Object {
                    "fontSize": "12px",
                    "muiPrepared": true,
                    "overflow": "hidden",
                    "textOverflow": "ellipsis",
                    "whiteSpace": "nowrap",
                  }
                }
              >
                <span
                  className="subtitle"
                >
                  <b>
                    2204210984244
                  </b>
                  <b>
                    waist: 
                    30.6
                  </b>
                  <b>
                    height: 
                    65.0
                  </b>
                  <b>
                    age: 
                    13
                  </b>
                </span>
              </div>
            </div>
          </div>
        </div>
      </a>
    </div>
    <div
      style={
        Object {
          "boxSizing": "border-box",
          "height": 410,
          "muiPrepared": true,
          "padding": 5,
          "width": "33.333333333333336%",
        }
      }
    >
      <a
        href="/dresses/41"
        onClick={[Function]}
      >
        <div
          className="dress-list-tile"
          cols={1}
          rows={1}
          style={
            Object {
              "display": "block",
              "height": "100%",
              "muiPrepared": true,
              "overflow": "hidden",
              "position": "relative",
            }
          }
        >
          <img
            src="https://s3.amazonaws.com/tunza-dev/dresses/images/000/000/041/original/18451715_1189482224494681_1552623127227096753_o.jpg?1505155167"
            style={
              Object {
                "height": "100%",
                "left": "50%",
                "muiPrepared": true,
                "position": "relative",
                "transform": "translateX(-50%)",
              }
            }
          />
          <div
            style={
              Object {
                "alignItems": "center",
                "background": "rgba(0, 0, 0, 0.4)",
                "bottom": 0,
                "display": "flex",
                "height": 68,
                "left": 0,
                "muiPrepared": true,
                "position": "absolute",
                "right": 0,
              }
            }
          >
            <div
              style={
                Object {
                  "color": "#ffffff",
                  "flexGrow": 1,
                  "marginLeft": 16,
                  "marginRight": 0,
                  "muiPrepared": true,
                  "overflow": "hidden",
                }
              }
            >
              <div
                style={
                  Object {
                    "fontSize": "16px",
                    "muiPrepared": true,
                    "overflow": "hidden",
                    "textOverflow": "ellipsis",
                    "whiteSpace": "nowrap",
                  }
                }
              >
                Mediocre Concrete Plate
              </div>
              <div
                style={
                  Object {
                    "fontSize": "12px",
                    "muiPrepared": true,
                    "overflow": "hidden",
                    "textOverflow": "ellipsis",
                    "whiteSpace": "nowrap",
                  }
                }
              >
                <span
                  className="subtitle"
                >
                  <b>
                    0034473154526
                  </b>
                  <b>
                    waist: 
                    31.9
                  </b>
                  <b>
                    height: 
                    47.2
                  </b>
                  <b>
                    age: 
                    9
                  </b>
                </span>
              </div>
            </div>
          </div>
        </div>
      </a>
    </div>
    <div
      style={
        Object {
          "boxSizing": "border-box",
          "height": 410,
          "muiPrepared": true,
          "padding": 5,
          "width": "33.333333333333336%",
        }
      }
    >
      <a
        href="/dresses/42"
        onClick={[Function]}
      >
        <div
          className="dress-list-tile"
          cols={1}
          rows={1}
          style={
            Object {
              "display": "block",
              "height": "100%",
              "muiPrepared": true,
              "overflow": "hidden",
              "position": "relative",
            }
          }
        >
          <img
            src="https://s3.amazonaws.com/tunza-dev/dresses/images/000/000/042/original/18489729_1194776347298602_1318183542409804243_o.jpg?1505155167"
            style={
              Object {
                "height": "100%",
                "left": "50%",
                "muiPrepared": true,
                "position": "relative",
                "transform": "translateX(-50%)",
              }
            }
          />
          <div
            style={
              Object {
                "alignItems": "center",
                "background": "rgba(0, 0, 0, 0.4)",
                "bottom": 0,
                "display": "flex",
                "height": 68,
                "left": 0,
                "muiPrepared": true,
                "position": "absolute",
                "right": 0,
              }
            }
          >
            <div
              style={
                Object {
                  "color": "#ffffff",
                  "flexGrow": 1,
                  "marginLeft": 16,
                  "marginRight": 0,
                  "muiPrepared": true,
                  "overflow": "hidden",
                }
              }
            >
              <div
                style={
                  Object {
                    "fontSize": "16px",
                    "muiPrepared": true,
                    "overflow": "hidden",
                    "textOverflow": "ellipsis",
                    "whiteSpace": "nowrap",
                  }
                }
              >
                Aerodynamic Concrete Coat
              </div>
              <div
                style={
                  Object {
                    "fontSize": "12px",
                    "muiPrepared": true,
                    "overflow": "hidden",
                    "textOverflow": "ellipsis",
                    "whiteSpace": "nowrap",
                  }
                }
              >
                <span
                  className="subtitle"
                >
                  <b>
                    6423196325582
                  </b>
                  <b>
                    waist: 
                    35.5
                  </b>
                  <b>
                    height: 
                    58.1
                  </b>
                  <b>
                    age: 
                    7
                  </b>
                </span>
              </div>
            </div>
          </div>
        </div>
      </a>
    </div>
    <div
      style={
        Object {
          "boxSizing": "border-box",
          "height": 410,
          "muiPrepared": true,
          "padding": 5,
          "width": "33.333333333333336%",
        }
      }
    >
      <a
        href="/dresses/43"
        onClick={[Function]}
      >
        <div
          className="dress-list-tile"
          cols={1}
          rows={1}
          style={
            Object {
              "display": "block",
              "height": "100%",
              "muiPrepared": true,
              "overflow": "hidden",
              "position": "relative",
            }
          }
        >
          <img
            src="https://s3.amazonaws.com/tunza-dev/dresses/images/000/000/043/original/20264881_1255942184515351_8019815516709047551_n.jpg?1505155168"
            style={
              Object {
                "height": "100%",
                "left": "50%",
                "muiPrepared": true,
                "position": "relative",
                "transform": "translateX(-50%)",
              }
            }
          />
          <div
            style={
              Object {
                "alignItems": "center",
                "background": "rgba(0, 0, 0, 0.4)",
                "bottom": 0,
                "display": "flex",
                "height": 68,
                "left": 0,
                "muiPrepared": true,
                "position": "absolute",
                "right": 0,
              }
            }
          >
            <div
              style={
                Object {
                  "color": "#ffffff",
                  "flexGrow": 1,
                  "marginLeft": 16,
                  "marginRight": 0,
                  "muiPrepared": true,
                  "overflow": "hidden",
                }
              }
            >
              <div
                style={
                  Object {
                    "fontSize": "16px",
                    "muiPrepared": true,
                    "overflow": "hidden",
                    "textOverflow": "ellipsis",
                    "whiteSpace": "nowrap",
                  }
                }
              >
                Awesome Steel Hat
              </div>
              <div
                style={
                  Object {
                    "fontSize": "12px",
                    "muiPrepared": true,
                    "overflow": "hidden",
                    "textOverflow": "ellipsis",
                    "whiteSpace": "nowrap",
                  }
                }
              >
                <span
                  className="subtitle"
                >
                  <b>
                    3347396965566
                  </b>
                  <b>
                    waist: 
                    37.7
                  </b>
                  <b>
                    height: 
                    41.6
                  </b>
                  <b>
                    age: 
                    3
                  </b>
                </span>
              </div>
            </div>
          </div>
        </div>
      </a>
    </div>
    <div
      style={
        Object {
          "boxSizing": "border-box",
          "height": 410,
          "muiPrepared": true,
          "padding": 5,
          "width": "33.333333333333336%",
        }
      }
    >
      <a
        href="/dresses/44"
        onClick={[Function]}
      >
        <div
          className="dress-list-tile"
          cols={1}
          rows={1}
          style={
            Object {
              "display": "block",
              "height": "100%",
              "muiPrepared": true,
              "overflow": "hidden",
              "position": "relative",
            }
          }
        >
          <img
            src="https://s3.amazonaws.com/tunza-dev/dresses/images/000/000/044/original/20286862_1255942184515351_8019815516709047551_o.jpg?1505155168"
            style={
              Object {
                "height": "100%",
                "left": "50%",
                "muiPrepared": true,
                "position": "relative",
                "transform": "translateX(-50%)",
              }
            }
          />
          <div
            style={
              Object {
                "alignItems": "center",
                "background": "rgba(0, 0, 0, 0.4)",
                "bottom": 0,
                "display": "flex",
                "height": 68,
                "left": 0,
                "muiPrepared": true,
                "position": "absolute",
                "right": 0,
              }
            }
          >
            <div
              style={
                Object {
                  "color": "#ffffff",
                  "flexGrow": 1,
                  "marginLeft": 16,
                  "marginRight": 0,
                  "muiPrepared": true,
                  "overflow": "hidden",
                }
              }
            >
              <div
                style={
                  Object {
                    "fontSize": "16px",
                    "muiPrepared": true,
                    "overflow": "hidden",
                    "textOverflow": "ellipsis",
                    "whiteSpace": "nowrap",
                  }
                }
              >
                Incredible Paper Chair
              </div>
              <div
                style={
                  Object {
                    "fontSize": "12px",
                    "muiPrepared": true,
                    "overflow": "hidden",
                    "textOverflow": "ellipsis",
                    "whiteSpace": "nowrap",
                  }
                }
              >
                <span
                  className="subtitle"
                >
                  <b>
                    2632449818212
                  </b>
                  <b>
                    waist: 
                    36.4
                  </b>
                  <b>
                    height: 
                    69.0
                  </b>
                  <b>
                    age: 
                    3
                  </b>
                </span>
              </div>
            </div>
          </div>
        </div>
      </a>
    </div>
    <div
      style={
        Object {
          "boxSizing": "border-box",
          "height": 410,
          "muiPrepared": true,
          "padding": 5,
          "width": "33.333333333333336%",
        }
      }
    >
      <a
        href="/dresses/45"
        onClick={[Function]}
      >
        <div
          className="dress-list-tile"
          cols={1}
          rows={1}
          style={
            Object {
              "display": "block",
              "height": "100%",
              "muiPrepared": true,
              "overflow": "hidden",
              "position": "relative",
            }
          }
        >
          <img
            src="https://s3.amazonaws.com/tunza-dev/dresses/images/000/000/045/original/20292752_1255940924515477_1329420521966820256_n_%281%29.jpg?1505155168"
            style={
              Object {
                "height": "100%",
                "left": "50%",
                "muiPrepared": true,
                "position": "relative",
                "transform": "translateX(-50%)",
              }
            }
          />
          <div
            style={
              Object {
                "alignItems": "center",
                "background": "rgba(0, 0, 0, 0.4)",
                "bottom": 0,
                "display": "flex",
                "height": 68,
                "left": 0,
                "muiPrepared": true,
                "position": "absolute",
                "right": 0,
              }
            }
          >
            <div
              style={
                Object {
                  "color": "#ffffff",
                  "flexGrow": 1,
                  "marginLeft": 16,
                  "marginRight": 0,
                  "muiPrepared": true,
                  "overflow": "hidden",
                }
              }
            >
              <div
                style={
                  Object {
                    "fontSize": "16px",
                    "muiPrepared": true,
                    "overflow": "hidden",
                    "textOverflow": "ellipsis",
                    "whiteSpace": "nowrap",
                  }
                }
              >
                Incredible Granite Gloves
              </div>
              <div
                style={
                  Object {
                    "fontSize": "12px",
                    "muiPrepared": true,
                    "overflow": "hidden",
                    "textOverflow": "ellipsis",
                    "whiteSpace": "nowrap",
                  }
                }
              >
                <span
                  className="subtitle"
                >
                  <b>
                    1628380302904
                  </b>
                  <b>
                    waist: 
                    45.9
                  </b>
                  <b>
                    height: 
                    64.5
                  </b>
                  <b>
                    age: 
                    5
                  </b>
                </span>
              </div>
            </div>
          </div>
        </div>
      </a>
    </div>
  </div>
</main>
`;
